// Jest Snapshot v1, https://goo.gl/fbAQLP

exports[`Button Default should be accessible and match snapshot 1`] = `
<div
  class="p-4"
>
  <button
    class="btn"
  >
    Mes références
  </button>
</div>
`;
